*****A new Report Start!*****
S:0 E:0 5    China    Sichuan    Chengdu    50    8    2    1    273.0    true    

