year quarter month week-of-month 
2002 1 1 5 
year quarter month week-of-month 
2002 1 2 2 
year quarter month week-of-month 
2002 1 2 3 
year quarter month week-of-month 
2002 1 2 4 
