year quarter month week-of-month 
2011 3 8 5 
year quarter month week-of-month 
2011 3 9 2 
year quarter month week-of-month 
2011 3 9 3 
year quarter month week-of-month 
2011 3 9 4 
