year quarter month week-of-month week-of-year day-of-week day-of-month day-of-year 
2011 3 7 4 30 6 22 203 
year quarter month week-of-month week-of-year day-of-week day-of-month day-of-year 
2011 3 8 4 35 2 22 234 
year quarter month week-of-month week-of-year day-of-week day-of-month day-of-year 
2011 3 9 4 39 5 22 265 
