year quarter 
2010 3 
year quarter 
2010 4 
year quarter 
2011 1 
