year quarter month week-of-month week-of-year day-of-week day-of-month day-of-year 
2009 3 9 4 39 3 22 265 
year quarter month week-of-month week-of-year day-of-week day-of-month day-of-year 
2010 3 9 4 39 4 22 265 
year quarter month week-of-month week-of-year day-of-week day-of-month day-of-year 
2011 3 9 4 39 5 22 265 
