year quarter month week-of-month week-of-year day-of-week day-of-month day-of-year 
2011 1 3 4 13 3 22 81 
year quarter month week-of-month week-of-year day-of-week day-of-month day-of-year 
2011 2 6 4 26 4 22 173 
year quarter month week-of-month week-of-year day-of-week day-of-month day-of-year 
2011 3 9 4 39 5 22 265 
