year quarter month week-of-month week-of-year day-of-week day-of-month day-of-year 
2011 3 9 2 37 5 8 251 
year quarter month week-of-month week-of-year day-of-week day-of-month day-of-year 
2011 3 9 3 38 5 15 258 
year quarter month week-of-month week-of-year day-of-week day-of-month day-of-year 
2011 3 9 4 39 5 22 265 
