year month day-of-month 
2006 2 28 
year month day-of-month 
2007 2 28 
year month day-of-month 
2008 2 29 
