
		CN		CN		CN		CN		CN		CN		JP		JP		UN		UN		US		US		US		
		BJ		BJ		SH		SH		SZ		SZ		IL		TK		LD		LP		CS		LA		NY		
		CP		HD		PD		ZJ		S1		S2		P1		F1		D1		E1		B1		A1		C1		
2000		18.0		1		13.0		1		3.0		1		8.0		1		23.0		1		28.0		1		63.0		1		58.0		1		48.0		1		53.0		1		38.0		1		33.0		1		43.0		1		
2001		19.0		2		14.0		2		4.0		2		9.0		2		24.0		2		29.0		2		65.0		2		59.0		2		49.0		2		54.0		2		39.0		2		34.0		2		44.0		2		
2002		20.0		3		15.0		3		5.0		3		10.0		3		25.0		3		30.0		3		65.0		2		60.0		3		50.0		3		55.0		3		40.0		3		35.0		3		45.0		3		