
1.0		null		
39.0		null		
null		2.0		
11.0		null		
null		18.0		
null		54.0		
34.0		null		
null		39.0		