
		CN		CN		CN		CN		CN		CN		JP		JP		UN		UN		US		US		US		
		BJ		BJ		SH		SH		SZ		SZ		IL		TK		LD		LP		CS		LA		NY		
		CP		HD		PD		ZJ		S1		S2		P1		F1		D1		E1		B1		A1		C1		Total
1998		116.0		111.0		101.0		106.0		121.0		126.0		161.0		156.0		146.0		151.0		136.0		131.0		141.0		1703.0
1999		117.0		112.0		102.0		107.0		122.0		127.0		162.0		157.0		147.0		152.0		137.0		132.0		142.0		1716.0
2000		118.0		113.0		103.0		108.0		123.0		128.0		163.0		158.0		148.0		153.0		138.0		133.0		143.0		1729.0
2001		119.0		114.0		104.0		109.0		124.0		129.0		165.0		159.0		149.0		154.0		139.0		134.0		144.0		1743.0
2002		120.0		115.0		105.0		110.0		125.0		130.0		165.0		160.0		150.0		155.0		140.0		135.0		145.0		1755.0